app/(crm)/inventory/InventoryClient.tsx(231,225): error TS2322: Type '{ children: Element; onClick: () => void; style: { background: string; border: string; color: "#6366f1"; cursor: "pointer"; display: "flex"; alignItems: "center"; padding: string; transition: "transform 0.1s"; }; onActive: (e: any) => string; title: string; }' is not assignable to type 'DetailedHTMLProps<ButtonHTMLAttributes<HTMLButtonElement>, HTMLButtonElement>'.
  Property 'onActive' does not exist on type 'DetailedHTMLProps<ButtonHTMLAttributes<HTMLButtonElement>, HTMLButtonElement>'.
app/(crm)/inventory/InventoryClient.tsx(231,235): error TS7006: Parameter 'e' implicitly has an 'any' type.
app/(crm)/inventory/InventoryClient.tsx(234,242): error TS2322: Type '{ children: Element; onClick: () => void; style: { background: string; border: string; color: "var(--text3)"; cursor: "pointer"; display: "flex"; alignItems: "center"; padding: string; transition: "transform 0.1s"; }; onActive: (e: any) => string; title: string; }' is not assignable to type 'DetailedHTMLProps<ButtonHTMLAttributes<HTMLButtonElement>, HTMLButtonElement>'.
  Property 'onActive' does not exist on type 'DetailedHTMLProps<ButtonHTMLAttributes<HTMLButtonElement>, HTMLButtonElement>'.
app/(crm)/inventory/InventoryClient.tsx(234,252): error TS7006: Parameter 'e' implicitly has an 'any' type.
